RAM Allocation [bytes]
Variable                                                                          Address   Size
------------------------------------------------------------------------------------------------
ssd                                                                               0x0160      10
cpositions                                                                        0x016A       3
rcposition                                                                        0x016D      24
k                                                                                 0x0185       2
temp                                                                              0x0187       2
number                                                                            0x0189      20
password                                                                          0x019D      20

EEPROM Allocation [bytes]
Variable                                                                          Address   Size
------------------------------------------------------------------------------------------------

Register Allocation
Variable                                                                          Register  Size
------------------------------------------------------------------------------------------------
position                                                                          R5           1
sh_i                                                                              R6,R7        2
bt_i                                                                              R8,R9        2
i                                                                                 R10,R11      2
j                                                                                 R12,R13      2
ch                                                                                R2.0      1bit
l_check                                                                           R2.1      1bit
try                                                                               R4           1

FLASH Allocation [words]
Function                                                                          Address   Size
------------------------------------------------------------------------------------------------
main                                                                              0x0009A    154
show                                                                              0x00134     24
check                                                                             0x0014C     59
